[    0.000000] Linux version 4.15.0-143-generic (buildd@lcy01-amd64-001) (gcc version 7.5.0 (Ubuntu 7.5.0-3ubuntu1~18.04)) #147-Ubuntu SMP Wed Apr 14 16:10:11 UTC 2021 (Ubuntu 4.15.0-143.147-generic 4.15.18)
[    0.000000] Command line: BOOT_IMAGE=/boot/vmlinuz-4.15.0-143-generic root=LABEL=cloudimg-rootfs ro console=tty1 console=ttyS0
[    0.000000] KERNEL supported cpus:
[    0.000000]   Intel GenuineIntel
[    0.000000]   AMD AuthenticAMD
[    0.000000]   Centaur CentaurHauls
[    0.000000] x86/fpu: Supporting XSAVE feature 0x001: 'x87 floating point registers'
[    0.000000] x86/fpu: Supporting XSAVE feature 0x002: 'SSE registers'
[    0.000000] x86/fpu: Supporting XSAVE feature 0x004: 'AVX registers'
[    0.000000] x86/fpu: xstate_offset[2]:  576, xstate_sizes[2]:  256
[    0.000000] x86/fpu: Enabled xstate features 0x7, context size is 832 bytes, using 'standard' format.
[    0.000000] e820: BIOS-provided physical RAM map:
[    0.000000] BIOS-e820: [mem 0x0000000000000000-0x000000000009fbff] usable
[    0.000000] BIOS-e820: [mem 0x000000000009fc00-0x000000000009ffff] reserved
[    0.000000] BIOS-e820: [mem 0x00000000000f0000-0x00000000000fffff] reserved
[    0.000000] BIOS-e820: [mem 0x0000000000100000-0x000000003ffeffff] usable
[    0.000000] BIOS-e820: [mem 0x000000003fff0000-0x000000003fffffff] ACPI data
[    0.000000] BIOS-e820: [mem 0x00000000fec00000-0x00000000fec00fff] reserved
[    0.000000] BIOS-e820: [mem 0x00000000fee00000-0x00000000fee00fff] reserved
[    0.000000] BIOS-e820: [mem 0x00000000fffc0000-0x00000000ffffffff] reserved
[    0.000000] NX (Execute Disable) protection: active
[    0.000000] SMBIOS 2.5 present.
[    0.000000] DMI: innotek GmbH VirtualBox/VirtualBox, BIOS VirtualBox 12/01/2006
[    0.000000] Hypervisor detected: KVM
[    0.000000] e820: last_pfn = 0x3fff0 max_arch_pfn = 0x400000000
[    0.000000] MTRR: Disabled
[    0.000000] x86/PAT: MTRRs disabled, skipping PAT initialization too.
[    0.000000] CPU MTRRs all blank - virtualized system.
[    0.000000] x86/PAT: Configuration [0-7]: WB  WT  UC- UC  WB  WT  UC- UC  
[    0.000000] found SMP MP-table at [mem 0x0009fff0-0x0009ffff]
[    0.000000] Scanning 1 areas for low memory corruption
[    0.000000] RAMDISK: [mem 0x359d3000-0x36ce0fff]
[    0.000000] ACPI: Early table checksum verification disabled
[    0.000000] ACPI: RSDP 0x00000000000E0000 000024 (v02 VBOX  )
[    0.000000] ACPI: XSDT 0x000000003FFF0030 00003C (v01 VBOX   VBOXXSDT 00000001 ASL  00000061)
[    0.000000] ACPI: FACP 0x000000003FFF00F0 0000F4 (v04 VBOX   VBOXFACP 00000001 ASL  00000061)
[    0.000000] ACPI: DSDT 0x000000003FFF0470 002325 (v02 VBOX   VBOXBIOS 00000002 INTL 20120111)
[    0.000000] ACPI: FACS 0x000000003FFF0200 000040
[    0.000000] ACPI: FACS 0x000000003FFF0200 000040
[    0.000000] ACPI: APIC 0x000000003FFF0240 00005C (v02 VBOX   VBOXAPIC 00000001 ASL  00000061)
[    0.000000] ACPI: SSDT 0x000000003FFF02A0 0001CC (v01 VBOX   VBOXCPUT 00000002 INTL 20120111)
[    0.000000] No NUMA configuration found
[    0.000000] Faking a node at [mem 0x0000000000000000-0x000000003ffeffff]
[    0.000000] NODE_DATA(0) allocated [mem 0x3ffc5000-0x3ffeffff]
[    0.000000] kvm-clock: cpu 0, msr 0:3ff44001, primary cpu clock
[    0.000000] kvm-clock: Using msrs 4b564d01 and 4b564d00
[    0.000000] kvm-clock: using sched offset of 4119373217 cycles
[    0.000000] clocksource: kvm-clock: mask: 0xffffffffffffffff max_cycles: 0x1cd42e4dffb, max_idle_ns: 881590591483 ns
[    0.000000] Zone ranges:
[    0.000000]   DMA      [mem 0x0000000000001000-0x0000000000ffffff]
[    0.000000]   DMA32    [mem 0x0000000001000000-0x000000003ffeffff]
[    0.000000]   Normal   empty
[    0.000000]   Device   empty
[    0.000000] Movable zone start for each node
[    0.000000] Early memory node ranges
[    0.000000]   node   0: [mem 0x0000000000001000-0x000000000009efff]
[    0.000000]   node   0: [mem 0x0000000000100000-0x000000003ffeffff]
[    0.000000] Reserved but unavailable: 98 pages
[    0.000000] Initmem setup node 0 [mem 0x0000000000001000-0x000000003ffeffff]
[    0.000000] ACPI: PM-Timer IO Port: 0x4008
[    0.000000] IOAPIC[0]: apic_id 2, version 32, address 0xfec00000, GSI 0-23
[    0.000000] ACPI: INT_SRC_OVR (bus 0 bus_irq 0 global_irq 2 dfl dfl)
[    0.000000] ACPI: INT_SRC_OVR (bus 0 bus_irq 9 global_irq 9 low level)
[    0.000000] Using ACPI (MADT) for SMP configuration information
[    0.000000] smpboot: Allowing 2 CPUs, 0 hotplug CPUs
[    0.000000] PM: Registered nosave memory: [mem 0x00000000-0x00000fff]
[    0.000000] PM: Registered nosave memory: [mem 0x0009f000-0x0009ffff]
[    0.000000] PM: Registered nosave memory: [mem 0x000a0000-0x000effff]
[    0.000000] PM: Registered nosave memory: [mem 0x000f0000-0x000fffff]
[    0.000000] e820: [mem 0x40000000-0xfebfffff] available for PCI devices
[    0.000000] Booting paravirtualized kernel on KVM
[    0.000000] clocksource: refined-jiffies: mask: 0xffffffff max_cycles: 0xffffffff, max_idle_ns: 7645519600211568 ns
[    0.000000] random: get_random_bytes called from start_kernel+0x99/0x500 with crng_init=0
[    0.000000] setup_percpu: NR_CPUS:8192 nr_cpumask_bits:2 nr_cpu_ids:2 nr_node_ids:1
[    0.000000] percpu: Embedded 45 pages/cpu s147456 r8192 d28672 u1048576
[    0.000000] PV qspinlock hash table entries: 256 (order: 0, 4096 bytes)
[    0.000000] Built 1 zonelists, mobility grouping on.  Total pages: 257913
[    0.000000] Policy zone: DMA32
[    0.000000] Kernel command line: BOOT_IMAGE=/boot/vmlinuz-4.15.0-143-generic root=LABEL=cloudimg-rootfs ro console=tty1 console=ttyS0
[    0.000000] Memory: 982728K/1048120K available (12300K kernel code, 2483K rwdata, 4316K rodata, 2444K init, 2724K bss, 65392K reserved, 0K cma-reserved)
[    0.000000] SLUB: HWalign=64, Order=0-3, MinObjects=0, CPUs=2, Nodes=1
[    0.000000] Kernel/User page tables isolation: enabled
[    0.000000] ftrace: allocating 39437 entries in 155 pages
[    0.004000] Hierarchical RCU implementation.
[    0.004000] 	RCU restricting CPUs from NR_CPUS=8192 to nr_cpu_ids=2.
[    0.004000] 	Tasks RCU enabled.
[    0.004000] RCU: Adjusting geometry for rcu_fanout_leaf=16, nr_cpu_ids=2
[    0.004000] NR_IRQS: 524544, nr_irqs: 440, preallocated irqs: 16
[    0.004000] Console: colour VGA+ 80x25
[    0.004000] console [tty1] enabled
[    0.004000] console [ttyS0] enabled
[    0.004000] ACPI: Core revision 20170831
[    0.004000] ACPI: 2 ACPI AML tables successfully acquired and loaded
[    0.004000] APIC: Switch to symmetric I/O mode setup
[    0.004000] x2apic enabled
[    0.004000] Switched APIC routing to physical x2apic.
[    0.004000] ..TIMER: vector=0x30 apic1=0 pin1=2 apic2=-1 pin2=-1
[    0.004004] tsc: Detected 2303.998 MHz processor
[    0.004913] Calibrating delay loop (skipped) preset value.. 4607.99 BogoMIPS (lpj=9215992)
[    0.005625] pid_max: default: 32768 minimum: 301
[    0.008029] Security Framework initialized
[    0.008827] Yama: becoming mindful.
[    0.009533] AppArmor: AppArmor initialized
[    0.012000] Dentry cache hash table entries: 131072 (order: 8, 1048576 bytes)
[    0.017430] Inode-cache hash table entries: 65536 (order: 7, 524288 bytes)
[    0.018754] Mount-cache hash table entries: 2048 (order: 2, 16384 bytes)
[    0.020003] Mountpoint-cache hash table entries: 2048 (order: 2, 16384 bytes)
[    0.021632] Last level iTLB entries: 4KB 64, 2MB 8, 4MB 8
[    0.022768] Last level dTLB entries: 4KB 64, 2MB 0, 4MB 0, 1GB 4
[    0.024002] Spectre V1 : Mitigation: usercopy/swapgs barriers and __user pointer sanitization
[    0.025615] Spectre V2 : Mitigation: Full generic retpoline
[    0.026668] Spectre V2 : Spectre v2 / SpectreRSB mitigation: Filling RSB on context switch
[    0.028001] Speculative Store Bypass: Vulnerable
[    0.028907] SRBDS: Unknown: Dependent on hypervisor status
[    0.029943] MDS: Mitigation: Clear CPU buffers
[    0.030943] Freeing SMP alternatives memory: 36K
[    0.142339] smpboot: CPU0: Intel(R) Core(TM) i5-8259U CPU @ 2.30GHz (family: 0x6, model: 0x8e, stepping: 0xa)
[    0.144000] Performance Events: unsupported p6 CPU model 142 no PMU driver, software events only.
[    0.144000] Hierarchical SRCU implementation.
[    0.144657] NMI watchdog: Perf event create on CPU 0 failed with -2
[    0.145873] NMI watchdog: Perf NMI watchdog permanently disabled
[    0.147035] smp: Bringing up secondary CPUs ...
[    0.148068] x86: Booting SMP configuration:
[    0.149004] .... node  #0, CPUs:      #1
[    0.004000] kvm-clock: cpu 1, msr 0:3ff44041, secondary cpu clock
[    0.154305] smp: Brought up 1 node, 2 CPUs
[    0.154305] smpboot: Max logical packages: 1
[    0.156004] smpboot: Total of 2 processors activated (9215.99 BogoMIPS)
[    0.157391] devtmpfs: initialized
[    0.157391] x86/mm: Memory block size: 128MB
[    0.160117] evm: security.selinux
[    0.160808] evm: security.SMACK64
[    0.161498] evm: security.SMACK64EXEC
[    0.162269] evm: security.SMACK64TRANSMUTE
[    0.163141] evm: security.SMACK64MMAP
[    0.164003] evm: security.apparmor
[    0.165000] evm: security.ima
[    0.165830] evm: security.capability
[    0.168152] clocksource: jiffies: mask: 0xffffffff max_cycles: 0xffffffff, max_idle_ns: 7645041785100000 ns
[    0.170580] futex hash table entries: 512 (order: 3, 32768 bytes)
[    0.172046] pinctrl core: initialized pinctrl subsystem
[    0.176093] RTC time:  5:59:40, date: 05/30/21
[    0.177117] NET: Registered protocol family 16
[    0.178499] audit: initializing netlink subsys (disabled)
[    0.180031] audit: type=2000 audit(1622354386.285:1): state=initialized audit_enabled=0 res=1
[    0.180132] cpuidle: using governor ladder
[    0.181007] cpuidle: using governor menu
[    0.184045] ACPI: bus type PCI registered
[    0.184894] acpiphp: ACPI Hot Plug PCI Controller Driver version: 0.5
[    0.186347] PCI: Using configuration type 1 for base access
[    0.188947] HugeTLB registered 2.00 MiB page size, pre-allocated 0 pages
[    0.189824] ACPI: Added _OSI(Module Device)
[    0.192005] ACPI: Added _OSI(Processor Device)
[    0.193041] ACPI: Added _OSI(3.0 _SCP Extensions)
[    0.194314] ACPI: Added _OSI(Processor Aggregator Device)
[    0.196010] ACPI: Added _OSI(Linux-Dell-Video)
[    0.197011] ACPI: Added _OSI(Linux-Lenovo-NV-HDMI-Audio)
[    0.198216] ACPI: Added _OSI(Linux-HPI-Hybrid-Graphics)
[    0.200061] ACPI: Executed 1 blocks of module-level executable AML code
[    0.204062] ACPI: Interpreter enabled
[    0.204851] ACPI: (supports S0 S5)
[    0.205560] ACPI: Using IOAPIC for interrupt routing
[    0.207013] PCI: Using host bridge windows from ACPI; if necessary, use "pci=nocrs" and report a bug
[    0.208350] ACPI: Enabled 2 GPEs in block 00 to 07
[    0.220412] ACPI: PCI Root Bridge [PCI0] (domain 0000 [bus 00-ff])
[    0.221940] acpi PNP0A03:00: _OSC: OS supports [ASPM ClockPM Segments MSI]
[    0.224053] acpi PNP0A03:00: _OSC: not requesting OS control; OS requires [ExtendedConfig ASPM ClockPM MSI]
[    0.226095] acpi PNP0A03:00: fail to add MMCONFIG information, can't access extended PCI configuration space under this bridge.
[    0.228507] PCI host bridge to bus 0000:00
[    0.229773] pci_bus 0000:00: root bus resource [io  0x0000-0x0cf7 window]
[    0.232010] pci_bus 0000:00: root bus resource [io  0x0d00-0xffff window]
[    0.234301] pci_bus 0000:00: root bus resource [mem 0x000a0000-0x000bffff window]
[    0.236004] pci_bus 0000:00: root bus resource [mem 0x40000000-0xfdffffff window]
[    0.237689] pci_bus 0000:00: root bus resource [bus 00-ff]
[    0.243350] pci 0000:00:01.1: legacy IDE quirk: reg 0x10: [io  0x01f0-0x01f7]
[    0.244003] pci 0000:00:01.1: legacy IDE quirk: reg 0x14: [io  0x03f6]
[    0.246143] pci 0000:00:01.1: legacy IDE quirk: reg 0x18: [io  0x0170-0x0177]
[    0.248007] pci 0000:00:01.1: legacy IDE quirk: reg 0x1c: [io  0x0376]
[    0.266113] pci 0000:00:07.0: quirk: [io  0x4000-0x403f] claimed by PIIX4 ACPI
[    0.267682] pci 0000:00:07.0: quirk: [io  0x4100-0x410f] claimed by PIIX4 SMB
[    0.276119] ACPI: PCI Interrupt Link [LNKA] (IRQs 5 9 10 *11)
[    0.277795] ACPI: PCI Interrupt Link [LNKB] (IRQs 5 9 *10 11)
[    0.279180] ACPI: PCI Interrupt Link [LNKC] (IRQs 5 *9 10 11)
[    0.280118] ACPI: PCI Interrupt Link [LNKD] (IRQs 5 9 10 *11)
[    0.281479] SCSI subsystem initialized
[    0.282290] pci 0000:00:02.0: vgaarb: setting as boot VGA device
[    0.282290] pci 0000:00:02.0: vgaarb: VGA device added: decodes=io+mem,owns=io+mem,locks=none
[    0.284008] pci 0000:00:02.0: vgaarb: bridge control possible
[    0.285257] vgaarb: loaded
[    0.285832] ACPI: bus type USB registered
[    0.288015] usbcore: registered new interface driver usbfs
[    0.289107] usbcore: registered new interface driver hub
[    0.290273] usbcore: registered new device driver usb
[    0.291296] EDAC MC: Ver: 3.0.0
[    0.292283] PCI: Using ACPI for IRQ routing
[    0.293234] NetLabel: Initializing
[    0.294025] NetLabel:  domain hash size = 128
[    0.294893] NetLabel:  protocols = UNLABELED CIPSOv4 CALIPSO
[    0.296015] NetLabel:  unlabeled traffic allowed by default
[    0.297121] clocksource: Switched to clocksource kvm-clock
[    0.406171] VFS: Disk quotas dquot_6.6.0
[    0.407304] VFS: Dquot-cache hash table entries: 512 (order 0, 4096 bytes)
[    0.409227] AppArmor: AppArmor Filesystem Enabled
[    0.410411] pnp: PnP ACPI init
[    0.412822] pnp: PnP ACPI: found 3 devices
[    0.421115] clocksource: acpi_pm: mask: 0xffffff max_cycles: 0xffffff, max_idle_ns: 2085701024 ns
[    0.423386] NET: Registered protocol family 2
[    0.424399] TCP established hash table entries: 8192 (order: 4, 65536 bytes)
[    0.425775] TCP bind hash table entries: 8192 (order: 5, 131072 bytes)
[    0.432984] TCP: Hash tables configured (established 8192 bind 8192)
[    0.434532] UDP hash table entries: 512 (order: 2, 16384 bytes)
[    0.435991] UDP-Lite hash table entries: 512 (order: 2, 16384 bytes)
[    0.437401] NET: Registered protocol family 1
[    0.438283] pci 0000:00:00.0: Limiting direct PCI/PCI transfers
[    0.439459] pci 0000:00:01.0: Activating ISA DMA hang workarounds
[    0.440734] pci 0000:00:02.0: Video device with shadowed ROM at [mem 0x000c0000-0x000dffff]
[    0.442466] Unpacking initramfs...
[    0.989660] Freeing initrd memory: 19512K
[    0.990977] clocksource: tsc: mask: 0xffffffffffffffff max_cycles: 0x2135f5e6f15, max_idle_ns: 440795231538 ns
[    0.993217] platform rtc_cmos: registered platform RTC device (no PNP device found)
[    0.995158] Scanning for low memory corruption every 60 seconds
[    0.997811] Initialise system trusted keyrings
[    0.998922] Key type blacklist registered
[    1.000556] workingset: timestamp_bits=36 max_order=18 bucket_order=0
[    1.002715] zbud: loaded
[    1.004163] squashfs: version 4.0 (2009/01/31) Phillip Lougher
[    1.005888] fuse init (API version 7.26)
[    1.008269] Key type asymmetric registered
[    1.009524] Asymmetric key parser 'x509' registered
[    1.010669] Block layer SCSI generic (bsg) driver version 0.4 loaded (major 246)
[    1.012708] io scheduler noop registered
[    1.013587] io scheduler deadline registered
[    1.014526] io scheduler cfq registered (default)
[    1.016002] ACPI: AC Adapter [AC] (on-line)
[    1.017027] input: Power Button as /devices/LNXSYSTM:00/LNXPWRBN:00/input/input0
[    1.018804] ACPI: Power Button [PWRF]
[    1.020260] input: Sleep Button as /devices/LNXSYSTM:00/LNXSLPBN:00/input/input1
[    1.022000] ACPI: Sleep Button [SLPF]
[    1.024273] Serial: 8250/16550 driver, 32 ports, IRQ sharing enabled
[    1.024883] ACPI: Battery Slot [BAT0] (battery present)
[    1.048367] 00:02: ttyS0 at I/O 0x3f8 (irq = 4, base_baud = 115200) is a 16550A
[    1.051767] Linux agpgart interface v0.103
[    1.054053] loop: module loaded
[    1.055919] scsi host0: ata_piix
[    1.057146] scsi host1: ata_piix
[    1.057855] ata1: PATA max UDMA/33 cmd 0x1f0 ctl 0x3f6 bmdma 0xd000 irq 14
[    1.059155] ata2: PATA max UDMA/33 cmd 0x170 ctl 0x376 bmdma 0xd008 irq 15
[    1.060668] libphy: Fixed MDIO Bus: probed
[    1.062270] tun: Universal TUN/TAP device driver, 1.6
[    1.063735] PPP generic driver version 2.4.2
[    1.065133] ehci_hcd: USB 2.0 'Enhanced' Host Controller (EHCI) Driver
[    1.066446] ehci-pci: EHCI PCI platform driver
[    1.067322] ehci-platform: EHCI generic platform driver
[    1.068413] ohci_hcd: USB 1.1 'Open' Host Controller (OHCI) Driver
[    1.070024] ohci-pci: OHCI PCI platform driver
[    1.071023] ohci-platform: OHCI generic platform driver
[    1.072087] uhci_hcd: USB Universal Host Controller Interface driver
[    1.073401] i8042: PNP: PS/2 Controller [PNP0303:PS2K,PNP0f03:PS2M] at 0x60,0x64 irq 1,12
[    1.075435] serio: i8042 KBD port at 0x60,0x64 irq 1
[    1.076529] serio: i8042 AUX port at 0x60,0x64 irq 12
[    1.078017] mousedev: PS/2 mouse device common for all mice
[    1.079399] input: AT Translated Set 2 keyboard as /devices/platform/i8042/serio0/input/input2
[    1.081676] rtc_cmos rtc_cmos: rtc core: registered rtc_cmos as rtc0
[    1.083536] rtc_cmos rtc_cmos: alarms up to one day, 114 bytes nvram
[    1.084810] i2c /dev entries driver
[    1.085710] device-mapper: uevent: version 1.0.3
[    1.087290] device-mapper: ioctl: 4.37.0-ioctl (2017-09-20) initialised: dm-devel@redhat.com
[    1.089130] ledtrig-cpu: registered to indicate activity on CPUs
[    1.090818] NET: Registered protocol family 10
[    1.094781] Segment Routing with IPv6
[    1.096283] NET: Registered protocol family 17
[    1.097727] Key type dns_resolver registered
[    1.098772] mce: Using 0 MCE banks
[    1.099527] RAS: Correctable Errors collector initialized.
[    1.101085] sched_clock: Marking stable (1101065348, 0)->(1272602824, -171537476)
[    1.103292] registered taskstats version 1
[    1.104144] Loading compiled-in X.509 certificates
[    1.106825] Loaded X.509 cert 'Build time autogenerated kernel key: de118354fe72448b469776565e76ac30c08e8db2'
[    1.109516] Loaded X.509 cert 'Canonical Ltd. Live Patch Signing: 14df34d1a87cf37625abec039ef2bf521249b969'
[    1.112251] Loaded X.509 cert 'Canonical Ltd. Kernel Module Signing: 88f752e560a1e0737e31163a466ad7b70a850c19'
[    1.114621] zswap: loaded using pool lzo/zbud
[    1.118587] Key type big_key registered
[    1.119490] Key type trusted registered
[    1.121457] Key type encrypted registered
[    1.122403] AppArmor: AppArmor sha1 policy hashing enabled
[    1.123486] ima: No TPM chip found, activating TPM-bypass! (rc=-19)
[    1.124777] ima: Allocated hash algorithm: sha1
[    1.125694] evm: HMAC attrs: 0x1
[    1.126669]   Magic number: 5:220:973
[    1.127964] rtc_cmos rtc_cmos: setting system clock to 2021-05-30 05:59:41 UTC (1622354381)
[    1.129981] BIOS EDD facility v0.16 2004-Jun-25, 0 devices found
[    1.131459] EDD information not available.
[    1.356499] Freeing unused kernel image memory: 2444K
[    1.883886] Write protecting the kernel read-only data: 20480k
[    1.886826] Freeing unused kernel image memory: 2008K
[    1.888462] Freeing unused kernel image memory: 1828K
[    1.896812] x86/mm: Checked W+X mappings: passed, no W+X pages found.
[    1.898097] x86/mm: Checking user space page tables
[    1.904811] x86/mm: Checked W+X mappings: passed, no W+X pages found.
Loading, please wait...
starting version 237
[    1.973053] e1000: Intel(R) PRO/1000 Network Driver - version 7.3.21-k8-NAPI
[    1.974434] e1000: Copyright (c) 1999-2006 Intel Corporation.
[    1.979499] Fusion MPT base driver 3.04.20
[    1.981058] Copyright (c) 1999-2008 LSI Corporation
[    1.990560] Fusion MPT SPI Host driver 3.04.20
[    1.993831] AVX2 version of gcm_enc/dec engaged.
[    1.994775] AES CTR mode by8 optimization enabled
[    2.001683] mptbase: ioc0: Initiating bringup
[    2.327285] input: ImExPS/2 Generic Explorer Mouse as /devices/platform/i8042/serio1/input/input4
[    2.368424] ioc0: LSI53C1030 A0: Capabilities={Initiator}
[    2.617328] scsi host2: ioc0: LSI53C1030 A0, FwRev=00000000h, Ports=1, MaxQ=256, IRQ=20
[    2.785316] scsi 2:0:0:0: Direct-Access     VBOX     HARDDISK         1.0  PQ: 0 ANSI: 5
[    2.824371] scsi target2:0:0: Beginning Domain Validation
[    2.889124] scsi target2:0:0: Domain Validation skipping write tests
[    2.891300] scsi target2:0:0: Ending Domain Validation
[    2.892692] scsi target2:0:0: asynchronous
[    2.900561] scsi 2:0:1:0: Direct-Access     VBOX     HARDDISK         1.0  PQ: 0 ANSI: 5
[    3.196389] scsi target2:0:1: Beginning Domain Validation
[    3.199623] random: fast init done
[    3.200611] scsi target2:0:1: Domain Validation skipping write tests
[    3.202166] scsi target2:0:1: Ending Domain Validation
[    3.203603] scsi target2:0:1: asynchronous
[    3.208982] sd 2:0:0:0: [sda] 83886080 512-byte logical blocks: (42.9 GB/40.0 GiB)
[    3.210667] sd 2:0:0:0: [sda] Write Protect is off
[    3.210690] random: systemd-udevd: uninitialized urandom read (16 bytes read)
[    3.213138] random: systemd-udevd: uninitialized urandom read (16 bytes read)
[    3.213146] random: systemd-udevd: uninitialized urandom read (16 bytes read)
[    3.213675] e1000 0000:00:03.0 eth0: (PCI:33MHz:32-bit) 02:c3:ac:bf:e0:17
[    3.215367] sd 2:0:0:0: Attached scsi generic sg0 type 0
[    3.217460] e1000 0000:00:03.0 eth0: Intel(R) PRO/1000 Network Connection
[    3.222181] sd 2:0:0:0: [sda] Incomplete mode parameter data
[    3.222930] e1000 0000:00:03.0 enp0s3: renamed from eth0
[    3.223569] sd 2:0:0:0: [sda] Assuming drive cache: write through
[    3.225014] sd 2:0:1:0: Attached scsi generic sg1 type 0
[    3.226473] sd 2:0:1:0: [sdb] 20480 512-byte logical blocks: (10.5 MB/10.0 MiB)
[    3.229852] sd 2:0:1:0: [sdb] Write Protect is off
[    3.231133] sd 2:0:1:0: [sdb] Incomplete mode parameter data
[    3.232314] sd 2:0:1:0: [sdb] Assuming drive cache: write through
[    3.233627]  sda: sda1
[    3.234987] sd 2:0:0:0: [sda] Attached SCSI disk
[    3.237650] sd 2:0:1:0: [sdb] Attached SCSI disk
Begin: Loading essential drivers ... [    4.632100] raid6: sse2x1   gen() 10295 MB/s
[    4.680142] raid6: sse2x1   xor()  8180 MB/s
[    4.728112] raid6: sse2x2   gen() 14433 MB/s
[    4.776120] raid6: sse2x2   xor()  9349 MB/s
[    4.824129] raid6: sse2x4   gen() 16396 MB/s
[    4.872113] raid6: sse2x4   xor() 10044 MB/s
[    4.920255] raid6: avx2x1   gen() 21676 MB/s
[    4.968428] raid6: avx2x1   xor() 15362 MB/s
[    5.016132] raid6: avx2x2   gen() 27931 MB/s
[    5.064109] raid6: avx2x2   xor() 18606 MB/s
[    5.112552] raid6: avx2x4   gen() 34787 MB/s
[    5.160160] raid6: avx2x4   xor() 21387 MB/s
[    5.161669] raid6: using algorithm avx2x4 gen() 34787 MB/s
[    5.162743] raid6: .... xor() 21387 MB/s, rmw enabled
[    5.163736] raid6: using avx2x2 recovery algorithm
[    5.166209] xor: automatically using best checksumming function   avx       
[    5.169143] async_tx: api initialized (async)
done.
Begin: Running /scripts/init-premount ... done.
Begin: Mounting root file system ... Begin: Running /scripts/local-top ... done.
Begin: Running /scripts/local-premount ... [    5.206116] Btrfs loaded, crc32c=crc32c-intel
Scanning for Btrfs filesystems
done.
Warning: fsck not present, so skipping root file system
[    5.230338] EXT4-fs (sda1): mounted filesystem with ordered data mode. Opts: (null)
done.
Begin: Running /scripts/local-bottom ... done.
Begin: Running /scripts/init-bottom ... done.
[    5.386928] ip_tables: (C) 2000-2006 Netfilter Core Team
[    5.396503] systemd[1]: systemd 237 running in system mode. (+PAM +AUDIT +SELINUX +IMA +APPARMOR +SMACK +SYSVINIT +UTMP +LIBCRYPTSETUP +GCRYPT +GNUTLS +ACL +XZ +LZ4 +SECCOMP +BLKID +ELFUTILS +KMOD -IDN2 +IDN -PCRE2 default-hierarchy=hybrid)
[    5.413192] systemd[1]: Detected virtualization oracle.
[    5.414862] systemd[1]: Detected architecture x86-64.

Welcome to [1mUbuntu 18.04.5 LTS[0m!

[    5.422860] systemd[1]: Set hostname to <ubuntu>.
[    5.427713] systemd[1]: Initializing machine ID from random generator.
[    5.429779] systemd[1]: Installed transient /etc/machine-id file.
[    5.822537] systemd[1]: Created slice User and Session Slice.
[[0;32m  OK  [0m] Created slice User and Session Slice.
[    5.828477] systemd[1]: Reached target User and Group Name Lookups.
[[0;32m  OK  [0m] Reached target User and Group Name Lookups.
[    5.844405] systemd[1]: Started Forward Password Requests to Wall Directory Watch.
[[0;32m  OK  [0m] Started Forward Password Requests to Wall Directory Watch.
[    5.849771] systemd[1]: Reached target System Time Synchronized.
[[0;32m  OK  [0m] Reached target System Time Synchronized.
[[0;32m  OK  [0m] Reached target Swap.
[[0;32m  OK  [0m] Set up automount Arbitrary Executabâ€¦rmats File System Automount Point.
[[0;32m  OK  [0m] Created slice System Slice.
[[0;32m  OK  [0m] Listening on LVM2 metadata daemon socket.
[[0;32m  OK  [0m] Reached target Slices.
[[0;32m  OK  [0m] Listening on /dev/initctl Compatibility Named Pipe.
[[0;32m  OK  [0m] Listening on Network Service Netlink Socket.
[[0;32m  OK  [0m] Listening on udev Control Socket.
[[0;32m  OK  [0m] Listening on udev Kernel Socket.
[[0;32m  OK  [0m] Listening on Device-mapper event daemon FIFOs.
[[0;32m  OK  [0m] Listening on Journal Audit Socket.
[[0;32m  OK  [0m] Listening on Syslog Socket.
[[0;32m  OK  [0m] Listening on fsck to fsckd communication Socket.
[[0;32m  OK  [0m] Listening on LVM2 poll daemon socket.
[[0;32m  OK  [0m] Listening on Journal Socket (/dev/log).
[[0;32m  OK  [0m] Created slice system-serial\x2dgetty.slice.
[[0;32m  OK  [0m] Listening on Journal Socket.
         Starting Monitoring of LVM2 mirrorsâ€¦ng dmeventd or progress polling...
         Mounting Huge Pages File System...
         Mounting POSIX Message Queue File System...
         Starting udev Coldplug all Devices...
         Starting File System Check on Root Device...
         Starting Load Kernel Modules...
         Starting Uncomplicated firewall...
         Starting Create list of required stâ€¦ce nodes for the current kernel...
[    6.005839] Loading iSCSI transport class v2.0-870.
[    6.014651] iscsi: registered transport (tcp)
         Starting Journal Service...
         Mounting Kernel Debug File System...
         Starting Set the console keyboard layout...
[[0;32m  OK  [0m] Mounted Huge Pages File System.
[[0;32m  OK  [0m] Mounted POSIX Message Queue File System.
[    6.067123] iscsi: registered transport (iser)
[[0;32m  OK  [0m] Started File System Check on Root Device.
[[0;32m  OK  [0m] Started Load Kernel Modules.
[[0;32m  OK  [0m] Started Uncomplicated firewall.
[[0;32m  OK  [0m] Started Create list of required staâ€¦vice nodes for the current kernel.
[[0;32m  OK  [0m] Mounted Kernel Debug File System.
[[0;32m  OK  [0m] Started File System Check Daemon to report status.
[[0;32m  OK  [0m] Started LVM2 metadata daemon.
         Starting Create Static Device Nodes in /dev...
         Mounting Kernel Configuration File System...
         Starting Apply Kernel Variables...
         Mounting FUSE Control File System...
         Starting Remount Root and Kernel File Systems...
[[0;32m  OK  [0m] Started Journal Service.
[[0;32m  OK  [0m] Started udev Coldplug all Devices.
[[0;32m  OK  [0m] Started Create Static Device Nodes in /dev.
[[0;32m  OK  [0m] Mounted Kernel Configuration File System.
[[0;32m  OK  [0m] Mounted FUSE Control File System.
[[0;32m  OK  [0m] Started Monitoring of LVM2 mirrors,â€¦sing dmeventd or progress polling.
[[0;32m  OK  [0m] Started Apply Kernel Variables.
[[0;32m  OK  [0m] Started Remount Root and Kernel File Systems.
[[0;32m  OK  [0m] Started Set the console keyboard layout.
         Starting udev Kernel Device Manager...
         Starting Load/Save Random Seed...
[[0;32m  OK  [0m] Reached target Local File Systems (Pre).
[[0;32m  OK  [0m] Reached target Local File Systems.
         Starting ebtables ruleset management...
         Starting AppArmor initialization...
         Starting Set console font and keymap...
         Starting Tell Plymouth To Write Out Runtime Data...
         Starting Commit a transient machine-id on disk...
         Starting Flush Journal to Persistent Storage...
[[0;32m  OK  [0m] Started udev Kernel Device Manager.
[[0;32m  OK  [0m] Started Dispatch Password Requests to Console Directory Watch.
[[0;32m  OK  [0m] Reached target Local Encrypted Volumes.
[[0;32m  OK  [0m] Started Set console font and keymap.
[[0;32m  OK  [0m] Started Tell Plymouth To Write Out Runtime Data.
[[0;32m  OK  [0m] Started Load/Save Random Seed.
[[0;32m  OK  [0m] Started Flush Journal to Persistent Storage.
         Starting Create Volatile Files and Directories...
[[0;32m  OK  [0m] Started Commit a transient machine-id on disk.
[[0;32m  OK  [0m] Started Create Volatile Files and Directories.
         Starting Update UTMP about System Boot/Shutdown...
[[0;32m  OK  [0m] Started Update UTMP about System Boot/Shutdown.
[[0;32m  OK  [0m] Started ebtables ruleset management.
[[0;32m  OK  [0m] Found device /dev/ttyS0.
[[0;32m  OK  [0m] Listening on Load/Save RF Kill Switch Status /dev/rfkill Watch.
[[0;32m  OK  [0m] Started AppArmor initialization.
         Starting Initial cloud-init job (pre-networking)...
         Starting Load AppArmor profiles managed internally by snapd...
[[0;32m  OK  [0m] Started Load AppArmor profiles managed internally by snapd.
[    9.009908] cloud-init[578]: Cloud-init v. 21.1-19-gbad84ad4-0ubuntu1~18.04.2 running 'init-local' at Sun, 30 May 2021 05:59:49 +0000. Up 8.66 seconds.
[[0;32m  OK  [0m] Started Initial cloud-init job (pre-networking).
[[0;32m  OK  [0m] Reached target Network (Pre).
         Starting Network Service...
[[0;32m  OK  [0m] Started Network Service.
         Starting Wait for Network to be Configured...
         Starting Network Name Resolution...
[[0;32m  OK  [0m] Started Network Name Resolution.
[[0;32m  OK  [0m] Reached target Network.
[[0;32m  OK  [0m] Reached target Host and Network Name Lookups.
[[0;32m  OK  [0m] Started Wait for Network to be Configured.
         Starting Initial cloud-init job (metadata service crawler)...
[   10.998633] cloud-init[725]: Cloud-init v. 21.1-19-gbad84ad4-0ubuntu1~18.04.2 running 'init' at Sun, 30 May 2021 05:59:51 +0000. Up 10.86 seconds.
[   11.001091] cloud-init[725]: ci-info: ++++++++++++++++++++++++++++++++++++++Net device info++++++++++++++++++++++++++++++++++++++
[   11.012133] cloud-init[725]: ci-info: +--------+------+----------------------------+---------------+--------+-------------------+
[   11.013370] cloud-init[725]: ci-info: | Device |  Up  |          Address           |      Mask     | Scope  |     Hw-Address    |
[   11.028165] cloud-init[725]: ci-info: +--------+------+----------------------------+---------------+--------+-------------------+
[   11.029954] cloud-init[725]: ci-info: | enp0s3 | True |         10.0.2.15          | 255.255.255.0 | global | 02:c3:ac:bf:e0:17 |
[   11.032133] cloud-init[725]: ci-info: | enp0s3 | True | fe80::c3:acff:febf:e017/64 |       .       |  link  | 02:c3:ac:bf:e0:17 |
[   11.034305] cloud-init[725]: ci-info: |   lo   | True |         127.0.0.1          |   255.0.0.0   |  host  |         .         |
[   11.036770] cloud-init[725]: ci-info: |   lo   | True |          ::1/128           |       .       |  host  |         .         |
[   11.038674] cloud-init[725]: ci-info: +--------+------+----------------------------+---------------+--------+-------------------+
[   11.040597] cloud-init[725]: ci-info: ++++++++++++++++++++++++++++Route IPv4 info+++++++++++++++++++++++++++++
[   11.042505] cloud-init[725]: ci-info: +-------+-------------+----------+-----------------+-----------+-------+
[   11.044613] cloud-init[725]: ci-info: | Route | Destination | Gateway  |     Genmask     | Interface | Flags |
[   11.046260] cloud-init[725]: ci-info: +-------+-------------+----------+-----------------+-----------+-------+
[   11.048077] cloud-init[725]: ci-info: |   0   |   0.0.0.0   | 10.0.2.2 |     0.0.0.0     |   enp0s3  |   UG  |
[   11.049840] cloud-init[725]: ci-info: |   1   |   10.0.2.0  | 0.0.0.0  |  255.255.255.0  |   enp0s3  |   U   |
[   11.051038] cloud-init[725]: ci-info: |   2   |   10.0.2.2  | 0.0.0.0  | 255.255.255.255 |   enp0s3  |   UH  |
[   11.052808] cloud-init[725]: ci-info: +-------+-------------+----------+-----------------+-----------+-------+
[   11.054543] cloud-init[725]: ci-info: +++++++++++++++++++Route IPv6 info+++++++++++++++++++
[   11.055920] cloud-init[725]: ci-info: +-------+-------------+---------+-----------+-------+
[   11.057597] cloud-init[725]: ci-info: | Route | Destination | Gateway | Interface | Flags |
[   11.059060] cloud-init[725]: ci-info: +-------+-------------+---------+-----------+-------+
[   11.060445] cloud-init[725]: ci-info: |   1   |  fe80::/64  |    ::   |   enp0s3  |   U   |
[   11.061792] cloud-init[725]: ci-info: |   3   |    local    |    ::   |   enp0s3  |   U   |
[   11.063119] cloud-init[725]: ci-info: |   4   |   ff00::/8  |    ::   |   enp0s3  |   U   |
[   11.064531] cloud-init[725]: ci-info: +-------+-------------+---------+-----------+-------+
[   11.705455] cloud-init[725]: Generating public/private rsa key pair.
[   11.707424] cloud-init[725]: Your identification has been saved in /etc/ssh/ssh_host_rsa_key.
[   11.709465] cloud-init[725]: Your public key has been saved in /etc/ssh/ssh_host_rsa_key.pub.
[   11.711035] cloud-init[725]: The key fingerprint is:
[   11.724171] cloud-init[725]: SHA256:MZiCVeVvtjKADXPCnaDHNWq3mioDpy040oRpvCPZuMI root@ubuntu-bionic
[   11.725940] cloud-init[725]: The key's randomart image is:
[   11.727155] cloud-init[725]: +---[RSA 2048]----+
[   11.728153] cloud-init[725]: |    o.+..        |
[   11.728998] cloud-init[725]: |   * = *         |
[   11.729934] cloud-init[725]: |  o @ B +        |
[   11.730865] cloud-init[725]: |   o X . +       |
[   11.732161] cloud-init[725]: |.o  . + S +      |
[   11.733748] cloud-init[725]: |+oo  o . o .     |
[   11.734935] cloud-init[725]: |=X. o   o .      |
[   11.736374] cloud-init[725]: |&E+.     o       |
[   11.737534] cloud-init[725]: |=*o              |
[   11.739050] cloud-init[725]: +----[SHA256]-----+
[   11.752293] cloud-init[725]: Generating public/private dsa key pair.
[   11.754203] cloud-init[725]: Your identification has been saved in /etc/ssh/ssh_host_dsa_key.
[   11.756344] cloud-init[725]: Your public key has been saved in /etc/ssh/ssh_host_dsa_key.pub.
[   11.768246] cloud-init[725]: The key fingerprint is:
[   11.769562] cloud-init[725]: SHA256:0dj6PI63/kIbpbJdUbqLhU5Dg+GRrvlF73Xal0MRz78 root@ubuntu-bionic
[   11.771903] cloud-init[725]: The key's randomart image is:
[   11.784335] cloud-init[725]: +---[DSA 1024]----+
[   11.785040] cloud-init[725]: |         .       |
[   11.785907] cloud-init[725]: |        ++    .. |
[   11.787018] cloud-init[725]: |       oo+o  o .o|
[   11.787923] cloud-init[725]: |        +o+ +  .o|
[[0;32m  OK  [0m] Started Initial cloud-init job (metadata service crawler).
[[0;32m  OK  [0m] Reached target System Initialization.
[   11.795449] cloud-init[725]: |       oSo * o  o|         Starting Socket activation for snappy daemon.
[[0;32m  OK  [0m] Started Discard unused blocks once a week.

[   11.801874] cloud-init[725]: |      o .oO = ..o|
[[0;32m  OK  [0m] Listening on D-Bus System Message Bus Socket.
[[0;32m  OK  [0m] Started Ubuntu Advantage update messaging.
[   11.805305] cloud-init[725]: |       . O+O o.+o|
[[0;32m  OK  [0m] Listening on UUID daemon activation socket.
[   11.817341] [[0;32m  OK  [0m] Started Message of the Day.
cloud-init[725]: |        ooB.o .Eo|[[0;32m  OK  [0m] Started ACPI Events Check.
[[0;32m  OK  [0m] Reached target Paths.
[[0;32m  OK  [0m] Started Daily Cleanup of Temporary Directories.

[[0;32m  OK  [0m] Listening on ACPID Listen Socket.
[[0;32m  OK  [0m] Started Daily apt download activities.
[[0;32m  OK  [0m] Started Daily apt upgrade and clean activities.
[   11.837744] [[0;32m  OK  [0m] Reached target Timers.
cloud-init[[0;32m  OK  [0m] Listening on Open-iSCSI iscsid Socket.
[725]: |        .o++.   o|         Starting LXD - unix socket.
[[0;32m  OK  [0m] Reached target Cloud-config availability.

[   11.844410] cloud-init[725]: +----[SHA256]-----+
[   11.845766] cloud-init[725]: Generating public/private ecdsa key pair.
[   11.847393] cloud-init[725]: Your identification has been saved in /etc/ssh/ssh_host_ecdsa_key.
[   11.849836] cloud-init[725]: Your public key has been saved in /etc/ssh/ssh_host_ecdsa_key.pub.
[   11.852092] cloud-init[725]: The key fingerprint is:
[[0;32m  OK  [0m] Reached target Network is Online.
[   11.863224] cloud-init[725]: SHA256:rHYAMH7POYbL9HQszpIq+5721sdamStYwhlUUrVKtAY root@ubuntu-bionic         Starting Availability of block devices...
[[0;32m  OK  [0m] Reached target Remote File Systems (Pre).
[
[0;32m  OK  [0m] Reached target Remote File Systems.
[[0;32m  OK  [0m] Listening on Socket activation for snappy daemon.
[   11.869157] [[0;32m  OK  [0m] Listening on LXD - unix socket.
[[0;32m  OK  [0m] Reached target Sockets.
[[0;32m  OK  [0m] cloud-init[725]: The key's randomart image is:Reached target Basic System.

[[0;32m  OK  [0m] Started Deferred execution scheduler.
[   11.881230] cloud-init[725]: +---[ECDSA 256]---+
         Starting Virtualbox guest utils...
[   11.883431]          Starting Permit User Sessions...
cloud-init[725]: |  o Eo+..        |
[   11.888585] cloud-init[725]: | . o.+ . .       |
[   11.890874] cloud-init[725]: |  ..o + .        |
[   11.894141] cloud-init[725]: |   ..B =         |
[   11.895069] cloud-init[725]: |   .oo@ S        |
[   11.896504] cloud-init[725]: |   o+O.* o       |
[   11.897895] cloud-init[725]: |    ==*.=        |
[   11.899305] cloud-init[725]: |. .oooooo.       |
[   11.900614] cloud-init[725]: |.*=o. .+.        |
[[0;32m  OK  [0m] Started Regular background program processing daemon.
[   11.912937] cloud-init[725]: +----[SHA256]-----+
[   11.913355] cloud-init[725]: Generating public/private ed25519 key pair.
[[0;32m  OK  [0m] Started D-Bus System Message Bus.
[   11.915141] cloud-init[725]: Your identification has been saved in /etc/ssh/ssh_host_ed25519_key.
[   11.918041] cloud-init[725]: Your public key has been saved in /etc/ssh/ssh_host_ed25519_key.pub.
[   11.921293] cloud-init[725]: The key fingerprint is:
[   11.922262] cloud-init[725]: SHA256:I8+rUmiz0MtND8BsmK8w3I3HhiKUcCf12xl67STbG9Q root@ubuntu-bionic
[   11.924289] cloud-init[725]: The key's randomart image is:
[   11.925589] cloud-init[725]: +--[ED25519 256]--+
[   11.927624] cloud-init[725]: |   ..            |
[   11.930809] cloud-init[725]: |. o ..           |
[   11.931781] cloud-init[725]: |...B  . .        |
[   11.933687] cloud-init[725]: | oo =  + + .     |
[   11.936447] cloud-init[725]: |o .+=o+ S + E    |
[   11.937950] cloud-init[725]: |+o.+*=+= O       |
[   11.940223] cloud-init[725]: |.o.=oB o+ +      |
[   11.952306] cloud-init[725]: |  . = . .. o     |
         Starting LSB: Record successful boot for GRUB...
[   11.955040] cloud-init[725]: |     .... .      |[[0;32m  OK  [0m] Started irqbalance daemon.
         Starting LXD - container startup/shutdown...
[[0;32m  OK  [0m] Started FUSE filesystem for LXC.
         Starting Pollinate to seed the pseudo random number generator...

[   11.963878] cloud-init[725]: +----[SHA256]-----+
         Starting Snap Daemon...
         Starting Accounts Service...
         Starting LSB: automatic crash report generation...
         Starting Login Service...
         Starting System Logging Service...
         Starting Dispatcher daemon for systemd-networkd...
[[0;32m  OK  [0m] Started Availability of block devices.
[[0;32m  OK  [0m] Started Permit User Sessions.
         Starting Hold until boot process finishes up...
         Starting Terminate Plymouth Boot Screen...
[[0;32m  OK  [0m] Started Login Service.
[[0;32m  OK  [0m] Started Unattended Upgrades Shutdown.
[[0;32m  OK  [0m] Started Terminate Plymouth Boot Screen.
[[0;32m  OK  [0m] Started Hold until boot process finishes up.
[[0;32m  OK  [0m] Started Serial Getty on ttyS0.
         Starting Set console scheme...
[[0;32m  OK  [0m] Started System Logging Service.
[[0;32m  OK  [0m] Started LXD - container startup/shutdown.
         Starting Authorization Manager...
[[0;32m  OK  [0m] Started Set console scheme.
[[0;32m  OK  [0m] Created slice system-getty.slice.
[[0;32m  OK  [0m] Started Getty on tty1.
[[0;32m  OK  [0m] Reached target Login Prompts.
[[0;32m  OK  [0m] Started LSB: automatic crash report generation.
[[0;32m  OK  [0m] Started LSB: Record successful boot for GRUB.
[[0;32m  OK  [0m] Started Authorization Manager.
[[0;32m  OK  [0m] Started Accounts Service.
[[0;32m  OK  [0m] Started Virtualbox guest utils.
[[0;32m  OK  [0m] Started Dispatcher daemon for systemd-networkd.
[[0;32m  OK  [0m] Started Snap Daemon.
         Starting Wait until snapd is fully seeded...
[[0;32m  OK  [0m] Started Pollinate to seed the pseudo random number generator.
         Starting OpenBSD Secure Shell server...
[[0;32m  OK  [0m] Started OpenBSD Secure Shell server.
[[0;32m  OK  [0m] Created slice User Slice of vagrant.
         Starting User Manager for UID 1000...
[[0;32m  OK  [0m] Started Session 1 of user vagrant.
[[0;32m  OK  [0m] Started User Manager for UID 1000.

Ubuntu 18.04.5 LTS ubuntu-bionic ttyS0

ubuntu-bionic login: [   19.216344] cloud-init[1469]: Cloud-init v. 21.1-19-gbad84ad4-0ubuntu1~18.04.2 running 'modules:config' at Sun, 30 May 2021 05:59:59 +0000. Up 18.67 seconds.
ci-info: no authorized SSH keys fingerprints found for user ubuntu.
<14>May 30 06:00:00 ec2: 
<14>May 30 06:00:00 ec2: #############################################################
<14>May 30 06:00:00 ec2: -----BEGIN SSH HOST KEY FINGERPRINTS-----
<14>May 30 06:00:00 ec2: 1024 SHA256:0dj6PI63/kIbpbJdUbqLhU5Dg+GRrvlF73Xal0MRz78 root@ubuntu-bionic (DSA)
<14>May 30 06:00:00 ec2: 256 SHA256:rHYAMH7POYbL9HQszpIq+5721sdamStYwhlUUrVKtAY root@ubuntu-bionic (ECDSA)
<14>May 30 06:00:00 ec2: 256 SHA256:I8+rUmiz0MtND8BsmK8w3I3HhiKUcCf12xl67STbG9Q root@ubuntu-bionic (ED25519)
<14>May 30 06:00:00 ec2: 2048 SHA256:MZiCVeVvtjKADXPCnaDHNWq3mioDpy040oRpvCPZuMI root@ubuntu-bionic (RSA)
<14>May 30 06:00:00 ec2: -----END SSH HOST KEY FINGERPRINTS-----
<14>May 30 06:00:00 ec2: #############################################################
-----BEGIN SSH HOST KEY KEYS-----
ecdsa-sha2-nistp256 AAAAE2VjZHNhLXNoYTItbmlzdHAyNTYAAAAIbmlzdHAyNTYAAABBBI2YJFMwzYy9s/sIdDiBLhcQKAHeKUH0UUA4Io1g3JiwHY+D5Rgj33/Yrz2bekL4U976LkXwSFHbda31yK8PqEI= root@ubuntu-bionic
ssh-ed25519 AAAAC3NzaC1lZDI1NTE5AAAAIIcKHE/F3G5LcuNKmaQ1FC89yhpdsImrqRjzGqMRKgYd root@ubuntu-bionic
ssh-rsa AAAAB3NzaC1yc2EAAAADAQABAAABAQDcT3zXjnr+Xx8OFFKa/Q432ExpJR8PlLeRpynrvFd55WE2Alq2VMaEiQf8N22V/IXbPVe8iGbRchrzgjPQxw5bMCkhKkOO9OQV+FM9k+8fykmrPFAe18Y7/EbbHsRYJC4TCBPFdDOtJmcq1l10+U61hs3JG4KCr3BxvMaIZ3hOy+lBd524PLP/baexXAEdYLpqig5IGyp5TjlTwub3vSxj47yRcDfB1fiVvXN3hZIl5Tw37mFjG36uRjUt5qfX7B5cJSqs2p+KZCyL+nkYG/5DVS5J+C8JHk715QgT0+D04Cr7F+8FdXmtgUSjNBRobKBBxxiS3yAkzpib6Glybwx5 root@ubuntu-bionic
-----END SSH HOST KEY KEYS-----
[   19.821559] cloud-init[1638]: Cloud-init v. 21.1-19-gbad84ad4-0ubuntu1~18.04.2 running 'modules:final' at Sun, 30 May 2021 06:00:00 +0000. Up 19.65 seconds.
[   19.821626] cloud-init[1638]: ci-info: no authorized SSH keys fingerprints found for user ubuntu.
[   19.821736] cloud-init[1638]: Cloud-init v. 21.1-19-gbad84ad4-0ubuntu1~18.04.2 finished at Sun, 30 May 2021 06:00:00 +0000. Datasource DataSourceNoCloud [seed=/dev/sdb][dsmode=net].  Up 19.81 seconds
         Stopping Authorization Manager...
[[0;32m  OK  [0m] Closed Load/Save RF Kill Switch Status /dev/rfkill Watch.
[[0;32m  OK  [0m] Stopped target Timers.
[[0;32m  OK  [0m] Stopped target Graphical Interface.
[[0;32m  OK  [0m] Stopped Daily apt upgrade and clean activities.
[[0;32m  OK  [0m] Stopped Daily apt download activities.
[[0;32m  OK  [0m] Stopped Daily Cleanup of Temporary Directories.
         Stopping Availability of block devices...
[[0;32m  OK  [0m] Stopped Ubuntu Advantage update messaging.
[[0;32m  OK  [0m] Stopped Message of the Day.
         Stopping Accounts Service...
[[0;32m  OK  [0m] Stopped target Host and Network Name Lookups.
[[0;32m  OK  [0m] Stopped target Cloud-init target.
[[0;32m  OK  [0m] Stopped Execute cloud user/final scripts.
[[0;32m  OK  [0m] Stopped target Multi-User System.
         Stopping Dispatcher daemon for systemd-networkd...
         Stopping D-Bus System Message Bus...
           Stopping Serial Getty on ttyS0...
         Stopping LXD - container startup/shutdown...
         Stopping Virtualbox guest utils...
[[0;32m  OK  [0m] Stopped Apply the settings specified in cloud-config.
[[0;32m  OK  [0m] Stopped target Network is Online.
[[0;32m  OK  [0m] Stopped Wait until snapd is fully seeded.
         Stopping Session 7 of user vagrant.
[[0;32m  OK  [0m] Stopped target Cloud-config availability.
         Stopping User Manager for UID 1000...
         Stopping LSB: automatic crash report generation...
[[0;32m  OK  [0m] Stopped Discard unused blocks once a week.
[[0;32m  OK  [0m] Stopped target System Time Synchronized.
[[0;32m  OK  [0m] Unmounted /var/lib/lxcfs.
[[0;32m  OK  [0m] Stopped Deferred execution scheduler.
[[0;32m  OK  [0m] Stopped Regular background program processing daemon.
[[0;32m  OK  [0m] Stopped irqbalance daemon.
[[0;32m  OK  [0m] Stopped Accounts Service.
[[0;32m  OK  [0m] Stopped System Logging Service.
[[0;32m  OK  [0m] Stopped Dispatcher daemon for systemd-networkd.
[[0;32m  OK  [0m] Stopped Serial Getty on ttyS0.
[[0;32m  OK  [0m] Stopped Authorization Manager.
[[0;32m  OK  [0m] Stopped Getty on tty1.
[[0;32m  OK  [0m] Stopped OpenBSD Secure Shell server.
[[0;32m  OK  [0m] Stopped User Manager for UID 1000.
[[0;32m  OK  [0m] Stopped Availability of block devices.
[[0;32m  OK  [0m] Stopped D-Bus System Message Bus.
[[0;32m  OK  [0m] Stopped FUSE filesystem for LXC.
[[0;32m  OK  [0m] Stopped Session 7 of user vagrant.
[[0;32m  OK  [0m] Removed slice User Slice of vagrant.
         Stopping Login Service...
[[0;32m  OK  [0m] Removed slice system-getty.slice.
         Stopping Permit User Sessions...
[[0;32m  OK  [0m] Removed slice system-serial\x2dgetty.slice.
[[0;32m  OK  [0m] Stopped LXD - container startup/shutdown.
[[0;32m  OK  [0m] Stopped Permit User Sessions.
[[0;32m  OK  [0m] Stopped target Network.
         Stopping Network Name Resolution...
[[0;32m  OK  [0m] Stopped LSB: Record successful boot for GRUB.
[[0;32m  OK  [0m] Stopped Virtualbox guest utils.
[[0;32m  OK  [0m] Stopped LSB: automatic crash report generation.
[[0;32m  OK  [0m] Stopped target Remote File Systems.
[[0;32m  OK  [0m] Stopped target Remote File Systems (Pre).
[[0;32m  OK  [0m] Stopped Network Name Resolution.
[[0;32m  OK  [0m] Stopped Login Service.
[[0;32m  OK  [0m] Stopped target Basic System.
[[0;32m  OK  [0m] Stopped target Sockets.
[[0;32m  OK  [0m] Closed LXD - unix socket.
[[0;32m  OK  [0m] Closed Open-iSCSI iscsid Socket.
[[0;32m  OK  [0m] Closed ACPID Listen Socket.
[[0;32m  OK  [0m] Closed D-Bus System Message Bus Socket.
[[0;32m  OK  [0m] Closed Socket activation for snappy daemon.
[[0;32m  OK  [0m] Closed Syslog Socket.
[[0;32m  OK  [0m] Closed UUID daemon activation socket.
[[0;32m  OK  [0m] Stopped target Paths.
[[0;32m  OK  [0m] Stopped ACPI Events Check.
[[0;32m  OK  [0m] Stopped target System Initialization.
         Stopping Update UTMP about System Boot/Shutdown...
[[0;32m  OK  [0m] Stopped Initial cloud-init job (metadata service crawler).
[[0;32m  OK  [0m] Stopped Wait for Network to be Configured.
         Stopping Load/Save Random Seed...
[[0;32m  OK  [0m] Stopped Commit a transient machine-id on disk.
[[0;32m  OK  [0m] Stopped target Local Encrypted Volumes.
[[0;32m  OK  [0m] Stopped Dispatch Password Requests to Console Directory Watch.
[[0;32m  OK  [0m] Stopped Forward Password Requests to Wall Directory Watch.
[[0;32m  OK  [0m] Stopped target Slices.
[[0;32m  OK  [0m] Removed slice User and Session Slice.
[[0;32m  OK  [0m] Stopped target User and Group Name Lookups.
         Stopping Network Service...
[[0;32m  OK  [0m] Stopped Load/Save Random Seed.
[[0;32m  OK  [0m] Stopped Update UTMP about System Boot/Shutdown.
[[0;32m  OK  [0m] Stopped Create Volatile Files and Directories.
[[0;32m  OK  [0m] Stopped target Local File Systems.
         Unmounting /run/user/1000...
[[0;32m  OK  [0m] Stopped Network Service.
[[0;32m  OK  [0m] Stopped target Network (Pre).
[[0;32m  OK  [0m] Stopped Initial cloud-init job (pre-networking).
[[0;32m  OK  [0m] Stopped Apply Kernel Variables.
[[0;32m  OK  [0m] Stopped Load Kernel Modules.
[[0;32m  OK  [0m] Unmounted /run/user/1000.
[[0;32m  OK  [0m] Reached target Unmount All Filesystems.
[[0;32m  OK  [0m] Stopped target Swap.
[[0;32m  OK  [0m] Stopped target Local File Systems (Pre).
[[0;32m  OK  [0m] Stopped Create Static Device Nodes in /dev.
[[0;32m  OK  [0m] Stopped Remount Root and Kernel File Systems.
[[0;32m  OK  [0m] Reached target Shutdown.
[[0;32m  OK  [0m] Reached target Final Step.
         Starting Power-Off...
         Stopping Monitoring of LVM2 mirrorsâ€¦ng dmeventd or progress polling...
[  180.914051] reboot: Power down
